Archive member included to satisfy reference by file (symbol)

/usr/lib/x86_64-linux-gnu/libc_nonshared.a(elf-init.oS)
                              /usr/lib/gcc/x86_64-linux-gnu/6/../../../x86_64-linux-gnu/Scrt1.o (__libc_csu_init)

Discarded input sections

 .note.GNU-stack
                0x0000000000000000        0x0 /usr/lib/gcc/x86_64-linux-gnu/6/../../../x86_64-linux-gnu/Scrt1.o
 .note.GNU-stack
                0x0000000000000000        0x0 /usr/lib/gcc/x86_64-linux-gnu/6/../../../x86_64-linux-gnu/crti.o
 .note.GNU-stack
                0x0000000000000000        0x0 /usr/lib/gcc/x86_64-linux-gnu/6/crtbeginS.o
 .note.GNU-stack
                0x0000000000000000        0x0 ./src/main.o
 .note.GNU-stack
                0x0000000000000000        0x0 ./src/memory.o
 .note.GNU-stack
                0x0000000000000000        0x0 ./src/stats.o
 .note.GNU-stack
                0x0000000000000000        0x0 ./src/data.o
 .note.GNU-stack
                0x0000000000000000        0x0 ./src/course1.o
 .note.GNU-stack
                0x0000000000000000        0x0 /usr/lib/x86_64-linux-gnu/libc_nonshared.a(elf-init.oS)
 .note.GNU-stack
                0x0000000000000000        0x0 /usr/lib/gcc/x86_64-linux-gnu/6/crtendS.o
 .note.GNU-stack
                0x0000000000000000        0x0 /usr/lib/gcc/x86_64-linux-gnu/6/../../../x86_64-linux-gnu/crtn.o

Memory Configuration

Name             Origin             Length             Attributes
*default*        0x0000000000000000 0xffffffffffffffff

Linker script and memory map

LOAD /usr/lib/gcc/x86_64-linux-gnu/6/../../../x86_64-linux-gnu/Scrt1.o
LOAD /usr/lib/gcc/x86_64-linux-gnu/6/../../../x86_64-linux-gnu/crti.o
LOAD /usr/lib/gcc/x86_64-linux-gnu/6/crtbeginS.o
LOAD ./src/main.o
LOAD ./src/memory.o
LOAD ./src/stats.o
LOAD ./src/data.o
LOAD ./src/course1.o
LOAD /usr/lib/gcc/x86_64-linux-gnu/6/libgcc.a
LOAD /usr/lib/gcc/x86_64-linux-gnu/6/libgcc_s.so
START GROUP
LOAD /usr/lib/gcc/x86_64-linux-gnu/6/libgcc_s.so.1
LOAD /usr/lib/gcc/x86_64-linux-gnu/6/libgcc.a
END GROUP
LOAD /usr/lib/gcc/x86_64-linux-gnu/6/../../../x86_64-linux-gnu/libc.so
START GROUP
LOAD /lib/x86_64-linux-gnu/libc.so.6
LOAD /usr/lib/x86_64-linux-gnu/libc_nonshared.a
LOAD /lib/x86_64-linux-gnu/ld-linux-x86-64.so.2
END GROUP
LOAD /usr/lib/gcc/x86_64-linux-gnu/6/libgcc.a
LOAD /usr/lib/gcc/x86_64-linux-gnu/6/libgcc_s.so
START GROUP
LOAD /usr/lib/gcc/x86_64-linux-gnu/6/libgcc_s.so.1
LOAD /usr/lib/gcc/x86_64-linux-gnu/6/libgcc.a
END GROUP
LOAD /usr/lib/gcc/x86_64-linux-gnu/6/crtendS.o
LOAD /usr/lib/gcc/x86_64-linux-gnu/6/../../../x86_64-linux-gnu/crtn.o
                [!provide]                        PROVIDE (__executable_start, SEGMENT_START ("text-segment", 0x0))
                0x0000000000000238                . = (SEGMENT_START ("text-segment", 0x0) + SIZEOF_HEADERS)

.interp         0x0000000000000238       0x1c
 *(.interp)
 .interp        0x0000000000000238       0x1c /usr/lib/gcc/x86_64-linux-gnu/6/../../../x86_64-linux-gnu/Scrt1.o

.note.ABI-tag   0x0000000000000254       0x20
 .note.ABI-tag  0x0000000000000254       0x20 /usr/lib/gcc/x86_64-linux-gnu/6/../../../x86_64-linux-gnu/Scrt1.o

.note.gnu.build-id
                0x0000000000000274       0x24
 *(.note.gnu.build-id)
 .note.gnu.build-id
                0x0000000000000274       0x24 /usr/lib/gcc/x86_64-linux-gnu/6/../../../x86_64-linux-gnu/Scrt1.o

.hash
 *(.hash)

.gnu.hash       0x0000000000000298       0x1c
 *(.gnu.hash)
 .gnu.hash      0x0000000000000298       0x1c /usr/lib/gcc/x86_64-linux-gnu/6/../../../x86_64-linux-gnu/Scrt1.o

.dynsym         0x00000000000002b8      0x138
 *(.dynsym)
 .dynsym        0x00000000000002b8      0x138 /usr/lib/gcc/x86_64-linux-gnu/6/../../../x86_64-linux-gnu/Scrt1.o

.dynstr         0x00000000000003f0       0xc8
 *(.dynstr)
 .dynstr        0x00000000000003f0       0xc8 /usr/lib/gcc/x86_64-linux-gnu/6/../../../x86_64-linux-gnu/Scrt1.o

.gnu.version    0x00000000000004b8       0x1a
 *(.gnu.version)
 .gnu.version   0x00000000000004b8       0x1a /usr/lib/gcc/x86_64-linux-gnu/6/../../../x86_64-linux-gnu/Scrt1.o

.gnu.version_d  0x00000000000004d8        0x0
 *(.gnu.version_d)
 .gnu.version_d
                0x00000000000004d8        0x0 /usr/lib/gcc/x86_64-linux-gnu/6/../../../x86_64-linux-gnu/Scrt1.o

.gnu.version_r  0x00000000000004d8       0x30
 *(.gnu.version_r)
 .gnu.version_r
                0x00000000000004d8       0x30 /usr/lib/gcc/x86_64-linux-gnu/6/../../../x86_64-linux-gnu/Scrt1.o

.rela.dyn       0x0000000000000508      0x168
 *(.rela.init)
 *(.rela.text .rela.text.* .rela.gnu.linkonce.t.*)
 .rela.text     0x0000000000000508        0x0 /usr/lib/gcc/x86_64-linux-gnu/6/../../../x86_64-linux-gnu/Scrt1.o
 *(.rela.fini)
 *(.rela.rodata .rela.rodata.* .rela.gnu.linkonce.r.*)
 *(.rela.data .rela.data.* .rela.gnu.linkonce.d.*)
 .rela.data.rel.ro
                0x0000000000000508        0x0 /usr/lib/gcc/x86_64-linux-gnu/6/../../../x86_64-linux-gnu/Scrt1.o
 .rela.data.rel.local
                0x0000000000000508       0x18 /usr/lib/gcc/x86_64-linux-gnu/6/../../../x86_64-linux-gnu/Scrt1.o
 *(.rela.tdata .rela.tdata.* .rela.gnu.linkonce.td.*)
 *(.rela.tbss .rela.tbss.* .rela.gnu.linkonce.tb.*)
 *(.rela.ctors)
 *(.rela.dtors)
 *(.rela.got)
 .rela.got      0x0000000000000520      0x120 /usr/lib/gcc/x86_64-linux-gnu/6/../../../x86_64-linux-gnu/Scrt1.o
 *(.rela.bss .rela.bss.* .rela.gnu.linkonce.b.*)
 .rela.bss      0x0000000000000640        0x0 /usr/lib/gcc/x86_64-linux-gnu/6/../../../x86_64-linux-gnu/Scrt1.o
 *(.rela.ldata .rela.ldata.* .rela.gnu.linkonce.l.*)
 *(.rela.lbss .rela.lbss.* .rela.gnu.linkonce.lb.*)
 *(.rela.lrodata .rela.lrodata.* .rela.gnu.linkonce.lr.*)
 *(.rela.ifunc)
 .rela.fini_array
                0x0000000000000640       0x18 /usr/lib/gcc/x86_64-linux-gnu/6/../../../x86_64-linux-gnu/Scrt1.o
 .rela.init_array
                0x0000000000000658       0x18 /usr/lib/gcc/x86_64-linux-gnu/6/../../../x86_64-linux-gnu/Scrt1.o

.rela.plt       0x0000000000000670        0x0
 *(.rela.plt)
 .rela.plt      0x0000000000000670        0x0 /usr/lib/gcc/x86_64-linux-gnu/6/../../../x86_64-linux-gnu/Scrt1.o
                [!provide]                        PROVIDE (__rela_iplt_start, .)
 *(.rela.iplt)
                [!provide]                        PROVIDE (__rela_iplt_end, .)

.init           0x0000000000000670       0x17
 *(SORT(.init))
 .init          0x0000000000000670       0x12 /usr/lib/gcc/x86_64-linux-gnu/6/../../../x86_64-linux-gnu/crti.o
                0x0000000000000670                _init
 .init          0x0000000000000682        0x5 /usr/lib/gcc/x86_64-linux-gnu/6/../../../x86_64-linux-gnu/crtn.o

.plt            0x0000000000000690       0x10
 *(.plt)
 .plt           0x0000000000000690       0x10 /usr/lib/gcc/x86_64-linux-gnu/6/../../../x86_64-linux-gnu/Scrt1.o
 *(.iplt)

.plt.got        0x00000000000006a0       0x38
 *(.plt.got)
 .plt.got       0x00000000000006a0       0x38 /usr/lib/gcc/x86_64-linux-gnu/6/../../../x86_64-linux-gnu/Scrt1.o

.plt.bnd
 *(.plt.bnd)

.text           0x00000000000006e0     0x1412
 *(.text.unlikely .text.*_unlikely .text.unlikely.*)
 *(.text.exit .text.exit.*)
 *(.text.startup .text.startup.*)
 *(.text.hot .text.hot.*)
 *(.text .stub .text.* .gnu.linkonce.t.*)
 .text          0x00000000000006e0       0x2b /usr/lib/gcc/x86_64-linux-gnu/6/../../../x86_64-linux-gnu/Scrt1.o
                0x00000000000006e0                _start
 .text          0x000000000000070b        0x0 /usr/lib/gcc/x86_64-linux-gnu/6/../../../x86_64-linux-gnu/crti.o
 *fill*         0x000000000000070b        0x5 
 .text          0x0000000000000710      0x100 /usr/lib/gcc/x86_64-linux-gnu/6/crtbeginS.o
 .text          0x0000000000000810        0xb ./src/main.o
                0x0000000000000810                main
 .text          0x000000000000081b      0x2b1 ./src/memory.o
                0x000000000000081b                set_value
                0x000000000000083e                clear_value
                0x0000000000000866                get_value
                0x0000000000000880                set_all
                0x00000000000008c1                clear_all
                0x00000000000008e7                my_memmove
                0x0000000000000941                my_memcopy
                0x000000000000098b                my_memset
                0x00000000000009cc                my_memzero
                0x00000000000009f6                my_reverse
                0x0000000000000a7d                reserve_words
                0x0000000000000ab1                free_words
 .text          0x0000000000000acc      0x453 ./src/stats.o
                0x0000000000000acc                swap_char
                0x0000000000000afc                heapify_max
                0x0000000000000bd4                heapify_min
                0x0000000000000cac                sort_array
                0x0000000000000ceb                print_array
                0x0000000000000cfb                find_minimum
                0x0000000000000d3a                find_maximum
                0x0000000000000d79                find_mean
                0x0000000000000dc0                find_median
                0x0000000000000e42                print_statistics
 .text          0x0000000000000f1f      0x2ac ./src/data.o
                0x0000000000000f1f                my_itoa
                0x00000000000010af                my_atoi
 .text          0x00000000000011cb      0x8b1 ./src/course1.o
                0x00000000000011cb                test_data1
                0x000000000000125c                test_data2
                0x00000000000012ed                test_memmove1
                0x00000000000013dc                test_memmove2
                0x00000000000014cb                test_memmove3
                0x00000000000015bf                test_memcopy
                0x00000000000016ae                test_memset
                0x00000000000017d4                test_reverse
                0x0000000000001951                course1
 *fill*         0x0000000000001a7c        0x4 
 .text          0x0000000000001a80       0x72 /usr/lib/x86_64-linux-gnu/libc_nonshared.a(elf-init.oS)
                0x0000000000001a80                __libc_csu_init
                0x0000000000001af0                __libc_csu_fini
 .text          0x0000000000001af2        0x0 /usr/lib/gcc/x86_64-linux-gnu/6/crtendS.o
 .text          0x0000000000001af2        0x0 /usr/lib/gcc/x86_64-linux-gnu/6/../../../x86_64-linux-gnu/crtn.o
 *(.gnu.warning)

.fini           0x0000000000001af4        0x9
 *(SORT(.fini))
 .fini          0x0000000000001af4        0x4 /usr/lib/gcc/x86_64-linux-gnu/6/../../../x86_64-linux-gnu/crti.o
                0x0000000000001af4                _fini
 .fini          0x0000000000001af8        0x5 /usr/lib/gcc/x86_64-linux-gnu/6/../../../x86_64-linux-gnu/crtn.o
                [!provide]                        PROVIDE (__etext, .)
                [!provide]                        PROVIDE (_etext, .)
                [!provide]                        PROVIDE (etext, .)

.rodata         0x0000000000001b00      0x1c5
 *(.rodata .rodata.* .gnu.linkonce.r.*)
 .rodata.cst4   0x0000000000001b00        0x4 /usr/lib/gcc/x86_64-linux-gnu/6/../../../x86_64-linux-gnu/Scrt1.o
                0x0000000000001b00                _IO_stdin_used
 .rodata        0x0000000000001b04       0x85 ./src/stats.o
 *fill*         0x0000000000001b89        0x7 
 .rodata        0x0000000000001b90      0x135 ./src/course1.o

.rodata1
 *(.rodata1)

.eh_frame_hdr   0x0000000000001cc8      0x144
 *(.eh_frame_hdr)
 .eh_frame_hdr  0x0000000000001cc8      0x144 /usr/lib/gcc/x86_64-linux-gnu/6/../../../x86_64-linux-gnu/Scrt1.o
                0x0000000000001cc8                __GNU_EH_FRAME_HDR
 *(.eh_frame_entry .eh_frame_entry.*)

.eh_frame       0x0000000000001e10      0x534
 *(.eh_frame)
 .eh_frame      0x0000000000001e10       0x30 /usr/lib/gcc/x86_64-linux-gnu/6/../../../x86_64-linux-gnu/Scrt1.o
 .eh_frame      0x0000000000001e40       0x40 /usr/lib/gcc/x86_64-linux-gnu/6/../../../x86_64-linux-gnu/Scrt1.o
 .eh_frame      0x0000000000001e80       0x18 /usr/lib/gcc/x86_64-linux-gnu/6/../../../x86_64-linux-gnu/Scrt1.o
                                         0x30 (size before relaxing)
 .eh_frame      0x0000000000001e98       0x20 ./src/main.o
                                         0x38 (size before relaxing)
 .eh_frame      0x0000000000001eb8      0x180 ./src/memory.o
                                        0x198 (size before relaxing)
 .eh_frame      0x0000000000002038      0x140 ./src/stats.o
                                        0x150 (size before relaxing)
 .eh_frame      0x0000000000002178       0x48 ./src/data.o
                                         0x60 (size before relaxing)
 .eh_frame      0x00000000000021c0      0x120 ./src/course1.o
                                        0x138 (size before relaxing)
 .eh_frame      0x00000000000022e0       0x60 /usr/lib/x86_64-linux-gnu/libc_nonshared.a(elf-init.oS)
                                         0x78 (size before relaxing)
 .eh_frame      0x0000000000002340        0x4 /usr/lib/gcc/x86_64-linux-gnu/6/crtendS.o
 *(.eh_frame.*)

.gcc_except_table
 *(.gcc_except_table .gcc_except_table.*)

.gnu_extab
 *(.gnu_extab*)

.exception_ranges
 *(.exception_ranges .exception_ranges*)
                0x0000000000202db0                . = DATA_SEGMENT_ALIGN (CONSTANT (MAXPAGESIZE), CONSTANT (COMMONPAGESIZE))

.eh_frame
 *(.eh_frame)
 *(.eh_frame.*)

.gnu_extab
 *(.gnu_extab)

.gcc_except_table
 *(.gcc_except_table .gcc_except_table.*)

.exception_ranges
 *(.exception_ranges .exception_ranges*)

.tdata
 *(.tdata .tdata.* .gnu.linkonce.td.*)

.tbss
 *(.tbss .tbss.* .gnu.linkonce.tb.*)
 *(.tcommon)

.preinit_array  0x0000000000202db0        0x0
                [!provide]                        PROVIDE (__preinit_array_start, .)
 *(.preinit_array)
                [!provide]                        PROVIDE (__preinit_array_end, .)

.init_array     0x0000000000202db0        0x8
                0x0000000000202db0                PROVIDE (__init_array_start, .)
 *(SORT(.init_array.*) SORT(.ctors.*))
 *(.init_array EXCLUDE_FILE(*crtend?.o *crtend.o *crtbegin?.o *crtbegin.o) .ctors)
 .init_array    0x0000000000202db0        0x8 /usr/lib/gcc/x86_64-linux-gnu/6/crtbeginS.o
                0x0000000000202db8                PROVIDE (__init_array_end, .)

.fini_array     0x0000000000202db8        0x8
                [!provide]                        PROVIDE (__fini_array_start, .)
 *(SORT(.fini_array.*) SORT(.dtors.*))
 *(.fini_array EXCLUDE_FILE(*crtend?.o *crtend.o *crtbegin?.o *crtbegin.o) .dtors)
 .fini_array    0x0000000000202db8        0x8 /usr/lib/gcc/x86_64-linux-gnu/6/crtbeginS.o
                [!provide]                        PROVIDE (__fini_array_end, .)

.ctors
 *crtbegin.o(.ctors)
 *crtbegin?.o(.ctors)
 *(EXCLUDE_FILE(*crtend?.o *crtend.o) .ctors)
 *(SORT(.ctors.*))
 *(.ctors)

.dtors
 *crtbegin.o(.dtors)
 *crtbegin?.o(.dtors)
 *(EXCLUDE_FILE(*crtend?.o *crtend.o) .dtors)
 *(SORT(.dtors.*))
 *(.dtors)

.jcr            0x0000000000202dc0        0x8
 *(.jcr)
 .jcr           0x0000000000202dc0        0x0 /usr/lib/gcc/x86_64-linux-gnu/6/crtbeginS.o
 .jcr           0x0000000000202dc0        0x8 /usr/lib/gcc/x86_64-linux-gnu/6/crtendS.o

.data.rel.ro    0x0000000000202dc8        0x0
 *(.data.rel.ro.local* .gnu.linkonce.d.rel.ro.local.*)
 *(.data.rel.ro .data.rel.ro.* .gnu.linkonce.d.rel.ro.*)
 .data.rel.ro   0x0000000000202dc8        0x0 /usr/lib/gcc/x86_64-linux-gnu/6/../../../x86_64-linux-gnu/Scrt1.o

.dynamic        0x0000000000202dc8      0x1c0
 *(.dynamic)
 .dynamic       0x0000000000202dc8      0x1c0 /usr/lib/gcc/x86_64-linux-gnu/6/../../../x86_64-linux-gnu/Scrt1.o
                0x0000000000202dc8                _DYNAMIC

.got            0x0000000000202f88       0x78
 *(.got.plt)
 .got.plt       0x0000000000202f88       0x18 /usr/lib/gcc/x86_64-linux-gnu/6/../../../x86_64-linux-gnu/Scrt1.o
                0x0000000000202f88                _GLOBAL_OFFSET_TABLE_
 *(.igot.plt)
 *(.got)
 .got           0x0000000000202fa0       0x60 /usr/lib/gcc/x86_64-linux-gnu/6/../../../x86_64-linux-gnu/Scrt1.o
 *(.igot)
                0x0000000000203000                . = DATA_SEGMENT_RELRO_END (., 0x0)

.data           0x0000000000203000       0x10
 *(.data .data.* .gnu.linkonce.d.*)
 .data          0x0000000000203000        0x4 /usr/lib/gcc/x86_64-linux-gnu/6/../../../x86_64-linux-gnu/Scrt1.o
                0x0000000000203000                data_start
                0x0000000000203000                __data_start
 .data          0x0000000000203004        0x0 /usr/lib/gcc/x86_64-linux-gnu/6/../../../x86_64-linux-gnu/crti.o
 .data          0x0000000000203004        0x0 /usr/lib/gcc/x86_64-linux-gnu/6/crtbeginS.o
 *fill*         0x0000000000203004        0x4 
 .data.rel.local
                0x0000000000203008        0x8 /usr/lib/gcc/x86_64-linux-gnu/6/crtbeginS.o
                0x0000000000203008                __dso_handle
 .data          0x0000000000203010        0x0 ./src/main.o
 .data          0x0000000000203010        0x0 ./src/memory.o
 .data          0x0000000000203010        0x0 ./src/stats.o
 .data          0x0000000000203010        0x0 ./src/data.o
 .data          0x0000000000203010        0x0 ./src/course1.o
 .data          0x0000000000203010        0x0 /usr/lib/x86_64-linux-gnu/libc_nonshared.a(elf-init.oS)
 .data          0x0000000000203010        0x0 /usr/lib/gcc/x86_64-linux-gnu/6/crtendS.o
 .data          0x0000000000203010        0x0 /usr/lib/gcc/x86_64-linux-gnu/6/../../../x86_64-linux-gnu/crtn.o

.tm_clone_table
                0x0000000000203010        0x0
 .tm_clone_table
                0x0000000000203010        0x0 /usr/lib/gcc/x86_64-linux-gnu/6/crtbeginS.o
 .tm_clone_table
                0x0000000000203010        0x0 /usr/lib/gcc/x86_64-linux-gnu/6/crtendS.o

.data1
 *(.data1)
                0x0000000000203010                _edata = .
                [!provide]                        PROVIDE (edata, .)
                0x0000000000203010                . = .
                0x0000000000203010                __bss_start = .

.bss            0x0000000000203010        0x8
 *(.dynbss)
 .dynbss        0x0000000000203010        0x0 /usr/lib/gcc/x86_64-linux-gnu/6/../../../x86_64-linux-gnu/Scrt1.o
 *(.bss .bss.* .gnu.linkonce.b.*)
 .bss           0x0000000000203010        0x0 /usr/lib/gcc/x86_64-linux-gnu/6/../../../x86_64-linux-gnu/Scrt1.o
 .bss           0x0000000000203010        0x0 /usr/lib/gcc/x86_64-linux-gnu/6/../../../x86_64-linux-gnu/crti.o
 .bss           0x0000000000203010        0x1 /usr/lib/gcc/x86_64-linux-gnu/6/crtbeginS.o
 .bss           0x0000000000203011        0x0 ./src/main.o
 .bss           0x0000000000203011        0x0 ./src/memory.o
 .bss           0x0000000000203011        0x0 ./src/stats.o
 .bss           0x0000000000203011        0x0 ./src/data.o
 .bss           0x0000000000203011        0x0 ./src/course1.o
 .bss           0x0000000000203011        0x0 /usr/lib/x86_64-linux-gnu/libc_nonshared.a(elf-init.oS)
 .bss           0x0000000000203011        0x0 /usr/lib/gcc/x86_64-linux-gnu/6/crtendS.o
 .bss           0x0000000000203011        0x0 /usr/lib/gcc/x86_64-linux-gnu/6/../../../x86_64-linux-gnu/crtn.o
 *(COMMON)
                0x0000000000203018                . = ALIGN ((. != 0x0)?0x8:0x1)
 *fill*         0x0000000000203011        0x7 

.lbss
 *(.dynlbss)
 *(.lbss .lbss.* .gnu.linkonce.lb.*)
 *(LARGE_COMMON)
                0x0000000000203018                . = ALIGN (0x8)
                0x0000000000203018                . = SEGMENT_START ("ldata-segment", .)

.lrodata
 *(.lrodata .lrodata.* .gnu.linkonce.lr.*)

.ldata          0x0000000000603018        0x0
 *(.ldata .ldata.* .gnu.linkonce.l.*)
                0x0000000000603018                . = ALIGN ((. != 0x0)?0x8:0x1)
                0x0000000000603018                . = ALIGN (0x8)
                0x0000000000603018                _end = .
                [!provide]                        PROVIDE (end, .)
                0x0000000000603018                . = DATA_SEGMENT_END (.)

.stab
 *(.stab)

.stabstr
 *(.stabstr)

.stab.excl
 *(.stab.excl)

.stab.exclstr
 *(.stab.exclstr)

.stab.index
 *(.stab.index)

.stab.indexstr
 *(.stab.indexstr)

.comment        0x0000000000000000       0x2d
 *(.comment)
 .comment       0x0000000000000000       0x2d /usr/lib/gcc/x86_64-linux-gnu/6/crtbeginS.o
                                         0x2e (size before relaxing)
 .comment       0x000000000000002d       0x2e ./src/main.o
 .comment       0x000000000000002d       0x2e ./src/memory.o
 .comment       0x000000000000002d       0x2e ./src/stats.o
 .comment       0x000000000000002d       0x2e ./src/data.o
 .comment       0x000000000000002d       0x2e ./src/course1.o
 .comment       0x000000000000002d       0x2e /usr/lib/gcc/x86_64-linux-gnu/6/crtendS.o

.debug
 *(.debug)

.line
 *(.line)

.debug_srcinfo
 *(.debug_srcinfo)

.debug_sfnames
 *(.debug_sfnames)

.debug_aranges  0x0000000000000000       0xf0
 *(.debug_aranges)
 .debug_aranges
                0x0000000000000000       0x30 ./src/main.o
 .debug_aranges
                0x0000000000000030       0x30 ./src/memory.o
 .debug_aranges
                0x0000000000000060       0x30 ./src/stats.o
 .debug_aranges
                0x0000000000000090       0x30 ./src/data.o
 .debug_aranges
                0x00000000000000c0       0x30 ./src/course1.o

.debug_pubnames
 *(.debug_pubnames)

.debug_info     0x0000000000000000     0x18ca
 *(.debug_info .gnu.linkonce.wi.*)
 .debug_info    0x0000000000000000      0x300 ./src/main.o
 .debug_info    0x0000000000000300      0x46b ./src/memory.o
 .debug_info    0x000000000000076b      0x64c ./src/stats.o
 .debug_info    0x0000000000000db7      0x463 ./src/data.o
 .debug_info    0x000000000000121a      0x6b0 ./src/course1.o

.debug_abbrev   0x0000000000000000      0x60a
 *(.debug_abbrev)
 .debug_abbrev  0x0000000000000000       0xd4 ./src/main.o
 .debug_abbrev  0x00000000000000d4       0xef ./src/memory.o
 .debug_abbrev  0x00000000000001c3      0x1a2 ./src/stats.o
 .debug_abbrev  0x0000000000000365      0x12d ./src/data.o
 .debug_abbrev  0x0000000000000492      0x178 ./src/course1.o

.debug_line     0x0000000000000000      0x711
 *(.debug_line .debug_line.* .debug_line_end)
 .debug_line    0x0000000000000000       0xc5 ./src/main.o
 .debug_line    0x00000000000000c5      0x127 ./src/memory.o
 .debug_line    0x00000000000001ec      0x184 ./src/stats.o
 .debug_line    0x0000000000000370      0x135 ./src/data.o
 .debug_line    0x00000000000004a5      0x26c ./src/course1.o

.debug_frame
 *(.debug_frame)

.debug_str      0x0000000000000000      0x556
 *(.debug_str)
 .debug_str     0x0000000000000000      0x2ea ./src/main.o
                                        0x319 (size before relaxing)
 .debug_str     0x00000000000002ea       0xb2 ./src/memory.o
                                        0x1fd (size before relaxing)
 .debug_str     0x000000000000039c       0xab ./src/stats.o
                                        0x3ad (size before relaxing)
 .debug_str     0x0000000000000447       0x6b ./src/data.o
                                        0x398 (size before relaxing)
 .debug_str     0x00000000000004b2       0xa4 ./src/course1.o
                                        0x3ec (size before relaxing)

.debug_loc
 *(.debug_loc)

.debug_macinfo
 *(.debug_macinfo)

.debug_weaknames
 *(.debug_weaknames)

.debug_funcnames
 *(.debug_funcnames)

.debug_typenames
 *(.debug_typenames)

.debug_varnames
 *(.debug_varnames)

.debug_pubtypes
 *(.debug_pubtypes)

.debug_ranges
 *(.debug_ranges)

.debug_macro
 *(.debug_macro)

.debug_addr
 *(.debug_addr)

.gnu.attributes
 *(.gnu.attributes)

/DISCARD/
 *(.note.GNU-stack)
 *(.gnu_debuglink)
 *(.gnu.lto_*)
OUTPUT(final_assesment.out elf64-x86-64)
